2026-07-30 12:40:42 | INFO    | processing_own_phase.experiment | Starting experiment: E2_resnet18_partial - Run ID: E2_resnet18_partial_6c5d4ec5
2026-07-30 12:40:42 | INFO    | processing_own_phase.experiment | Configuration: {'seed': 42, 'batch_size': 64, 'num_workers': 0, 'train_split_ratio': 0.9, 'image_size': 224, 'epochs': 5, 'optimizer': 'Adam', 'learning_rate': 0.001, 'weight_decay': 0.0001, 'scheduler': 'ReduceLROnPlateau', 'grad_clip': 1.0, 'early_stopping_patience': 3, 'best_model_metric': 'val_acc', 'data_dir': '/Users/vientu/Deep Learning/TOTAL_LABPARACTICE_FOR_DEEP_LEARNING/total_practice/practice_2/data', 'output_dir': '/Users/vientu/Deep Learning/TOTAL_LABPARACTICE_FOR_DEEP_LEARNING/total_practice/practice_2/runs/E2_resnet18_partial_6c5d4ec5', 'runs_dir': '/Users/vientu/Deep Learning/TOTAL_LABPARACTICE_FOR_DEEP_LEARNING/total_practice/practice_2/runs', 'reports_dir': '/Users/vientu/Deep Learning/TOTAL_LABPARACTICE_FOR_DEEP_LEARNING/total_practice/practice_2/reports', 'model_save_path': '/Users/vientu/Deep Learning/TOTAL_LABPARACTICE_FOR_DEEP_LEARNING/total_practice/practice_2/checkpoints/best_model.pth', 'experiment_results_csv': '/Users/vientu/Deep Learning/TOTAL_LABPARACTICE_FOR_DEEP_LEARNING/total_practice/practice_2/outputs/experiment_results.csv', 'model_name': 'resnet18', 'training_mode': 'partial_finetune', 'description': 'ResNet18 Partial Fine Tuning: Unfreeze last block and classifier.', 'run_id': 'E2_resnet18_partial_6c5d4ec5'}
2026-07-30 12:40:42 | INFO    | processing_own_phase.experiment | Using device: mps
2026-07-30 12:40:42 | INFO    | processing_own_phase.experiment | Loading Datasets...
2026-07-30 12:40:45 | INFO    | processing_own_phase.experiment | Initializing Model...
2026-07-30 12:40:46 | INFO    | processing_own_phase.experiment | Running Model Sanity Check...
2026-07-30 12:40:46 | INFO    | processing_own_phase.experiment | Sanity Check Passed. Model Output Shape: (4, 10)
2026-07-30 12:40:46 | INFO    | processing_own_phase.experiment | Starting Training...
2026-07-30 12:40:46 | INFO    | processing_own_phase.experiment | Starting training loop...
2026-07-30 12:48:57 | INFO    | processing_own_phase.experiment | Epoch 1/5 | Time: 08:09 | LR: 0.001000 | Train Loss: 0.6249 - Train Acc: 79.22% | Val Loss: 0.4340 - Val Acc: 85.82%
2026-07-30 12:48:57 | INFO    | processing_own_phase.experiment | Saved new best model at epoch 1 with val_acc=85.8200
2026-07-30 12:57:26 | INFO    | processing_own_phase.experiment | Epoch 2/5 | Time: 08:27 | LR: 0.001000 | Train Loss: 0.4401 - Train Acc: 84.93% | Val Loss: 0.4000 - Val Acc: 86.36%
2026-07-30 12:57:27 | INFO    | processing_own_phase.experiment | Saved new best model at epoch 2 with val_acc=86.3600
2026-07-30 13:04:57 | INFO    | processing_own_phase.experiment | Epoch 3/5 | Time: 07:29 | LR: 0.001000 | Train Loss: 0.3797 - Train Acc: 87.05% | Val Loss: 0.3718 - Val Acc: 87.38%
2026-07-30 13:04:58 | INFO    | processing_own_phase.experiment | Saved new best model at epoch 3 with val_acc=87.3800
2026-07-30 13:11:51 | INFO    | processing_own_phase.experiment | Epoch 4/5 | Time: 06:51 | LR: 0.001000 | Train Loss: 0.3463 - Train Acc: 88.03% | Val Loss: 0.3075 - Val Acc: 89.72%
2026-07-30 13:11:51 | INFO    | processing_own_phase.experiment | Saved new best model at epoch 4 with val_acc=89.7200
2026-07-30 13:18:39 | INFO    | processing_own_phase.experiment | Epoch 5/5 | Time: 06:47 | LR: 0.001000 | Train Loss: 0.3155 - Train Acc: 89.18% | Val Loss: 0.3452 - Val Acc: 88.00%
2026-07-30 13:18:39 | INFO    | processing_own_phase.experiment | Training complete.
2026-07-30 13:18:39 | INFO    | processing_own_phase.experiment | Evaluating Best Model on Validation Set...
